{
  "version": "1.5.0",
  "plugins_used": [
    {
      "name": "ArtifactoryDetector"
    },
    {
      "name": "AWSKeyDetector"
    },
    {
      "name": "AzureStorageKeyDetector"
    },
    {
      "name": "Base64HighEntropyString",
      "limit": 4.5
    },
    {
      "name": "BasicAuthDetector"
    },
    {
      "name": "CloudantDetector"
    },
    {
      "name": "DiscordBotTokenDetector"
    },
    {
      "name": "GitHubTokenDetector"
    },
    {
      "name": "GitLabTokenDetector"
    },
    {
      "name": "HexHighEntropyString",
      "limit": 3.0
    },
    {
      "name": "IbmCloudIamDetector"
    },
    {
      "name": "IbmCosHmacDetector"
    },
    {
      "name": "IPPublicDetector"
    },
    {
      "name": "JwtTokenDetector"
    },
    {
      "name": "KeywordDetector",
      "keyword_exclude": ""
    },
    {
      "name": "MailchimpDetector"
    },
    {
      "name": "NpmDetector"
    },
    {
      "name": "OpenAIDetector"
    },
    {
      "name": "PrivateKeyDetector"
    },
    {
      "name": "PypiTokenDetector"
    },
    {
      "name": "SendGridDetector"
    },
    {
      "name": "SlackDetector"
    },
    {
      "name": "SoftlayerDetector"
    },
    {
      "name": "SquareOAuthDetector"
    },
    {
      "name": "StripeDetector"
    },
    {
      "name": "TelegramBotTokenDetector"
    },
    {
      "name": "TwilioKeyDetector"
    }
  ],
  "filters_used": [
    {
      "path": "detect_secrets.filters.allowlist.is_line_allowlisted"
    },
    {
      "path": "detect_secrets.filters.common.is_ignored_due_to_verification_policies",
      "min_level": 2
    },
    {
      "path": "detect_secrets.filters.heuristic.is_indirect_reference"
    },
    {
      "path": "detect_secrets.filters.heuristic.is_likely_id_string"
    },
    {
      "path": "detect_secrets.filters.heuristic.is_lock_file"
    },
    {
      "path": "detect_secrets.filters.heuristic.is_not_alphanumeric_string"
    },
    {
      "path": "detect_secrets.filters.heuristic.is_potential_uuid"
    },
    {
      "path": "detect_secrets.filters.heuristic.is_prefixed_with_dollar_sign"
    },
    {
      "path": "detect_secrets.filters.heuristic.is_sequential_string"
    },
    {
      "path": "detect_secrets.filters.heuristic.is_swagger_file"
    },
    {
      "path": "detect_secrets.filters.heuristic.is_templated_secret"
    },
    {
      "path": "detect_secrets.filters.regex.should_exclude_file",
      "pattern": [
        "\\.secrets\\.baseline$"
      ]
    }
  ],
  "results": {
    ".env.example": [
      {
        "type": "Basic Auth Credentials",
        "filename": ".env.example",
        "hashed_secret": "4ab7108d4ba419b39a645c22652846a57df6b696",
        "is_verified": false,
        "line_number": 10
      },
      {
        "type": "Basic Auth Credentials",
        "filename": ".env.example",
        "hashed_secret": "97ad9d01a919918528642895dd3948090a2763a0",
        "is_verified": false,
        "line_number": 14
      },
      {
        "type": "Basic Auth Credentials",
        "filename": ".env.example",
        "hashed_secret": "60ca8b161ee50e40662c3664e2701456e7eae82b",
        "is_verified": false,
        "line_number": 17
      }
    ],
    ".github/workflows/ci.yml": [
      {
        "type": "Secret Keyword",
        "filename": ".github\\workflows\\ci.yml",
        "hashed_secret": "5e36fe45d264ae59b1090c7d04332c1341c9f31b",
        "is_verified": false,
        "line_number": 32
      }
    ],
    "Infra/legacy-monorepo/cms/docker-compose.local.yml": [
      {
        "type": "Secret Keyword",
        "filename": "Infra\\legacy-monorepo\\cms\\docker-compose.local.yml",
        "hashed_secret": "97ad9d01a919918528642895dd3948090a2763a0",
        "is_verified": false,
        "line_number": 11
      },
      {
        "type": "Basic Auth Credentials",
        "filename": "Infra\\legacy-monorepo\\cms\\docker-compose.local.yml",
        "hashed_secret": "97ad9d01a919918528642895dd3948090a2763a0",
        "is_verified": false,
        "line_number": 31
      }
    ],
    "config/settings/base.py": [
      {
        "type": "Secret Keyword",
        "filename": "config\\settings\\base.py",
        "hashed_secret": "7806f152150369b6144a129ef094c3ac88bb42bf",
        "is_verified": false,
        "line_number": 13
      }
    ],
    "config/settings/local.py": [
      {
        "type": "Basic Auth Credentials",
        "filename": "config\\settings\\local.py",
        "hashed_secret": "97ad9d01a919918528642895dd3948090a2763a0",
        "is_verified": false,
        "line_number": 24
      }
    ],
    "docker-compose.dev.yml": [
      {
        "type": "Secret Keyword",
        "filename": "docker-compose.dev.yml",
        "hashed_secret": "4ab7108d4ba419b39a645c22652846a57df6b696",
        "is_verified": false,
        "line_number": 11
      }
    ],
    "docs/contracts/openapi/current/ACCEPTANCE.json": [
      {
        "type": "Hex High Entropy String",
        "filename": "docs\\contracts\\openapi\\current\\ACCEPTANCE.json",
        "hashed_secret": "15d09ba0f8bad8b5a6ab76f727213cb851041740",
        "is_verified": false,
        "line_number": 12
      },
      {
        "type": "Hex High Entropy String",
        "filename": "docs\\contracts\\openapi\\current\\ACCEPTANCE.json",
        "hashed_secret": "a8d951b56241a86cc211b165ecbe7d35c5235669",
        "is_verified": false,
        "line_number": 17
      },
      {
        "type": "Hex High Entropy String",
        "filename": "docs\\contracts\\openapi\\current\\ACCEPTANCE.json",
        "hashed_secret": "c1e952d13260cfbc73a45ce6eaa8db759125d86a",
        "is_verified": false,
        "line_number": 21
      },
      {
        "type": "Hex High Entropy String",
        "filename": "docs\\contracts\\openapi\\current\\ACCEPTANCE.json",
        "hashed_secret": "40b606e2a71e2670490aba3f0f69a7672267acd6",
        "is_verified": false,
        "line_number": 27
      }
    ],
    "docs/contracts/openapi/current/PROVENANCE.json": [
      {
        "type": "Hex High Entropy String",
        "filename": "docs\\contracts\\openapi\\current\\PROVENANCE.json",
        "hashed_secret": "15d09ba0f8bad8b5a6ab76f727213cb851041740",
        "is_verified": false,
        "line_number": 9
      },
      {
        "type": "Hex High Entropy String",
        "filename": "docs\\contracts\\openapi\\current\\PROVENANCE.json",
        "hashed_secret": "a8d951b56241a86cc211b165ecbe7d35c5235669",
        "is_verified": false,
        "line_number": 14
      },
      {
        "type": "Hex High Entropy String",
        "filename": "docs\\contracts\\openapi\\current\\PROVENANCE.json",
        "hashed_secret": "c1e952d13260cfbc73a45ce6eaa8db759125d86a",
        "is_verified": false,
        "line_number": 18
      },
      {
        "type": "Hex High Entropy String",
        "filename": "docs\\contracts\\openapi\\current\\PROVENANCE.json",
        "hashed_secret": "c36881d98f8965042e57a55812b950dbbfe48620",
        "is_verified": false,
        "line_number": 25
      }
    ],
    "docs/operations/LOCAL-DATABASE.md": [
      {
        "type": "Basic Auth Credentials",
        "filename": "docs\\operations\\LOCAL-DATABASE.md",
        "hashed_secret": "4ab7108d4ba419b39a645c22652846a57df6b696",
        "is_verified": false,
        "line_number": 30
      }
    ],
    "docs/operations/STANDALONE-VALIDATION.md": [
      {
        "type": "Basic Auth Credentials",
        "filename": "docs\\operations\\STANDALONE-VALIDATION.md",
        "hashed_secret": "97ad9d01a919918528642895dd3948090a2763a0",
        "is_verified": false,
        "line_number": 30
      },
      {
        "type": "Basic Auth Credentials",
        "filename": "docs\\operations\\STANDALONE-VALIDATION.md",
        "hashed_secret": "4ab7108d4ba419b39a645c22652846a57df6b696",
        "is_verified": false,
        "line_number": 45
      }
    ],
    "docs/quality/BACKEND-200-STAGING-ARTIFACT-EVIDENCE.md": [
      {
        "type": "Basic Auth Credentials",
        "filename": "docs\\quality\\BACKEND-200-STAGING-ARTIFACT-EVIDENCE.md",
        "hashed_secret": "4ab7108d4ba419b39a645c22652846a57df6b696",
        "is_verified": false,
        "line_number": 28
      }
    ],
    "scripts/seed_e2e_fixtures.py": [
      {
        "type": "Secret Keyword",
        "filename": "scripts\\seed_e2e_fixtures.py",
        "hashed_secret": "cdc510520959336f37c967679d456f1a41bdf6f6",
        "is_verified": false,
        "line_number": 28
      }
    ],
    "tests/conftest.py": [
      {
        "type": "Secret Keyword",
        "filename": "tests\\conftest.py",
        "hashed_secret": "7b1474b2616636c4a331370f1a9188cfd4d5f467",
        "is_verified": false,
        "line_number": 12
      }
    ],
    "tests/test_admin_api_auth.py": [
      {
        "type": "Secret Keyword",
        "filename": "tests\\test_admin_api_auth.py",
        "hashed_secret": "7b1474b2616636c4a331370f1a9188cfd4d5f467",
        "is_verified": false,
        "line_number": 53
      }
    ],
    "tests/test_mfa.py": [
      {
        "type": "Secret Keyword",
        "filename": "tests\\test_mfa.py",
        "hashed_secret": "e733c573182bca9edc14a3c2a5ce917e63a8a59d",
        "is_verified": false,
        "line_number": 136
      }
    ],
    "tests/test_openapi_hash_drift.py": [
      {
        "type": "Hex High Entropy String",
        "filename": "tests\\test_openapi_hash_drift.py",
        "hashed_secret": "c1e952d13260cfbc73a45ce6eaa8db759125d86a",
        "is_verified": false,
        "line_number": 33
      },
      {
        "type": "Hex High Entropy String",
        "filename": "tests\\test_openapi_hash_drift.py",
        "hashed_secret": "15d09ba0f8bad8b5a6ab76f727213cb851041740",
        "is_verified": false,
        "line_number": 38
      },
      {
        "type": "Hex High Entropy String",
        "filename": "tests\\test_openapi_hash_drift.py",
        "hashed_secret": "a8d951b56241a86cc211b165ecbe7d35c5235669",
        "is_verified": false,
        "line_number": 43
      },
      {
        "type": "Hex High Entropy String",
        "filename": "tests\\test_openapi_hash_drift.py",
        "hashed_secret": "17abdd2fb2714ba414aa48574cfba5d0362911ee",
        "is_verified": false,
        "line_number": 50
      },
      {
        "type": "Hex High Entropy String",
        "filename": "tests\\test_openapi_hash_drift.py",
        "hashed_secret": "da5b79f1ccf30c5657f784162c0439e36ed2fe94",
        "is_verified": false,
        "line_number": 51
      },
      {
        "type": "Hex High Entropy String",
        "filename": "tests\\test_openapi_hash_drift.py",
        "hashed_secret": "3efda774fb6d4a93cd018e150409f9d9631a72ea",
        "is_verified": false,
        "line_number": 52
      }
    ],
    "tests/test_preview_share.py": [
      {
        "type": "Secret Keyword",
        "filename": "tests\\test_preview_share.py",
        "hashed_secret": "75d726d0b37b9c0c4251c5cf24006263395ca9e0",
        "is_verified": false,
        "line_number": 15
      }
    ],
    "tests/test_product_analytics.py": [
      {
        "type": "Secret Keyword",
        "filename": "tests\\test_product_analytics.py",
        "hashed_secret": "59b5f35b1aa4c028953107968302765e1dba1cff",
        "is_verified": false,
        "line_number": 36
      }
    ],
    "tests/test_product_localized_settings.py": [
      {
        "type": "Secret Keyword",
        "filename": "tests\\test_product_localized_settings.py",
        "hashed_secret": "59b5f35b1aa4c028953107968302765e1dba1cff",
        "is_verified": false,
        "line_number": 89
      }
    ],
    "tests/test_product_publication_invalidation.py": [
      {
        "type": "Secret Keyword",
        "filename": "tests\\test_product_publication_invalidation.py",
        "hashed_secret": "59b5f35b1aa4c028953107968302765e1dba1cff",
        "is_verified": false,
        "line_number": 50
      }
    ],
    "tests/test_product_publication_jobs.py": [
      {
        "type": "Secret Keyword",
        "filename": "tests\\test_product_publication_jobs.py",
        "hashed_secret": "988c1fda094f671a163e9f07110fc965454b11fc",
        "is_verified": false,
        "line_number": 28
      },
      {
        "type": "Secret Keyword",
        "filename": "tests\\test_product_publication_jobs.py",
        "hashed_secret": "59b5f35b1aa4c028953107968302765e1dba1cff",
        "is_verified": false,
        "line_number": 44
      }
    ],
    "tests/test_rebuild.py": [
      {
        "type": "Secret Keyword",
        "filename": "tests\\test_rebuild.py",
        "hashed_secret": "549c5cac88fcd8d04032d042d2220bace26135ae",
        "is_verified": false,
        "line_number": 18
      }
    ],
    "tests/test_security.py": [
      {
        "type": "Secret Keyword",
        "filename": "tests\\test_security.py",
        "hashed_secret": "9eac55f020f2874f4ac3bfa4aa1361a7d427b7e2",
        "is_verified": false,
        "line_number": 12
      },
      {
        "type": "Secret Keyword",
        "filename": "tests\\test_security.py",
        "hashed_secret": "7b1474b2616636c4a331370f1a9188cfd4d5f467",
        "is_verified": false,
        "line_number": 47
      },
      {
        "type": "Secret Keyword",
        "filename": "tests\\test_security.py",
        "hashed_secret": "6809ffccad03b80fa1fbc32c17e7e054805ec30b",
        "is_verified": false,
        "line_number": 59
      }
    ],
    "tests/test_staging_smoke.py": [
      {
        "type": "Secret Keyword",
        "filename": "tests\\test_staging_smoke.py",
        "hashed_secret": "7b1474b2616636c4a331370f1a9188cfd4d5f467",
        "is_verified": false,
        "line_number": 41
      },
      {
        "type": "Secret Keyword",
        "filename": "tests\\test_staging_smoke.py",
        "hashed_secret": "9c8431c78006c03423cade90d13f856263f89e40",
        "is_verified": false,
        "line_number": 59
      }
    ]
  },
  "generated_at": "2026-09-10T19:48:23Z"
}
